Archive member included to satisfy reference by file (symbol)

C:/ST/STM32CubeIDE_1.14.0/STM32CubeIDE/plugins/com.st.stm32cube.ide.mcu.externaltools.gnu-tools-for-stm32.12.3.rel1.win32_1.1.0.202410251130/tools/bin/../lib/gcc/arm-none-eabi/12.3.1/../../../../arm-none-eabi/lib/thumb/v6-m/nofp\libc_nano.a(libc_a-exit.o)
                              C:/ST/STM32CubeIDE_1.14.0/STM32CubeIDE/plugins/com.st.stm32cube.ide.mcu.externaltools.gnu-tools-for-stm32.12.3.rel1.win32_1.1.0.202410251130/tools/bin/../lib/gcc/arm-none-eabi/12.3.1/../../../../arm-none-eabi/lib/thumb/v6-m/nofp/crt0.o (exit)
C:/ST/STM32CubeIDE_1.14.0/STM32CubeIDE/plugins/com.st.stm32cube.ide.mcu.externaltools.gnu-tools-for-stm32.12.3.rel1.win32_1.1.0.202410251130/tools/bin/../lib/gcc/arm-none-eabi/12.3.1/../../../../arm-none-eabi/lib/thumb/v6-m/nofp\libc_nano.a(libc_a-findfp.o)
                              C:/ST/STM32CubeIDE_1.14.0/STM32CubeIDE/plugins/com.st.stm32cube.ide.mcu.externaltools.gnu-tools-for-stm32.12.3.rel1.win32_1.1.0.202410251130/tools/bin/../lib/gcc/arm-none-eabi/12.3.1/../../../../arm-none-eabi/lib/thumb/v6-m/nofp\libc_nano.a(libc_a-exit.o) (__stdio_exit_handler)
C:/ST/STM32CubeIDE_1.14.0/STM32CubeIDE/plugins/com.st.stm32cube.ide.mcu.externaltools.gnu-tools-for-stm32.12.3.rel1.win32_1.1.0.202410251130/tools/bin/../lib/gcc/arm-none-eabi/12.3.1/../../../../arm-none-eabi/lib/thumb/v6-m/nofp\libc_nano.a(libc_a-fwalk.o)
                              C:/ST/STM32CubeIDE_1.14.0/STM32CubeIDE/plugins/com.st.stm32cube.ide.mcu.externaltools.gnu-tools-for-stm32.12.3.rel1.win32_1.1.0.202410251130/tools/bin/../lib/gcc/arm-none-eabi/12.3.1/../../../../arm-none-eabi/lib/thumb/v6-m/nofp\libc_nano.a(libc_a-findfp.o) (_fwalk_sglue)
C:/ST/STM32CubeIDE_1.14.0/STM32CubeIDE/plugins/com.st.stm32cube.ide.mcu.externaltools.gnu-tools-for-stm32.12.3.rel1.win32_1.1.0.202410251130/tools/bin/../lib/gcc/arm-none-eabi/12.3.1/../../../../arm-none-eabi/lib/thumb/v6-m/nofp\libc_nano.a(libc_a-stdio.o)
                              C:/ST/STM32CubeIDE_1.14.0/STM32CubeIDE/plugins/com.st.stm32cube.ide.mcu.externaltools.gnu-tools-for-stm32.12.3.rel1.win32_1.1.0.202410251130/tools/bin/../lib/gcc/arm-none-eabi/12.3.1/../../../../arm-none-eabi/lib/thumb/v6-m/nofp\libc_nano.a(libc_a-findfp.o) (__sread)
C:/ST/STM32CubeIDE_1.14.0/STM32CubeIDE/plugins/com.st.stm32cube.ide.mcu.externaltools.gnu-tools-for-stm32.12.3.rel1.win32_1.1.0.202410251130/tools/bin/../lib/gcc/arm-none-eabi/12.3.1/../../../../arm-none-eabi/lib/thumb/v6-m/nofp\libc_nano.a(libc_a-memset.o)
                              C:/ST/STM32CubeIDE_1.14.0/STM32CubeIDE/plugins/com.st.stm32cube.ide.mcu.externaltools.gnu-tools-for-stm32.12.3.rel1.win32_1.1.0.202410251130/tools/bin/../lib/gcc/arm-none-eabi/12.3.1/../../../../arm-none-eabi/lib/thumb/v6-m/nofp/crt0.o (memset)
C:/ST/STM32CubeIDE_1.14.0/STM32CubeIDE/plugins/com.st.stm32cube.ide.mcu.externaltools.gnu-tools-for-stm32.12.3.rel1.win32_1.1.0.202410251130/tools/bin/../lib/gcc/arm-none-eabi/12.3.1/../../../../arm-none-eabi/lib/thumb/v6-m/nofp\libc_nano.a(libc_a-closer.o)
                              C:/ST/STM32CubeIDE_1.14.0/STM32CubeIDE/plugins/com.st.stm32cube.ide.mcu.externaltools.gnu-tools-for-stm32.12.3.rel1.win32_1.1.0.202410251130/tools/bin/../lib/gcc/arm-none-eabi/12.3.1/../../../../arm-none-eabi/lib/thumb/v6-m/nofp\libc_nano.a(libc_a-stdio.o) (_close_r)
C:/ST/STM32CubeIDE_1.14.0/STM32CubeIDE/plugins/com.st.stm32cube.ide.mcu.externaltools.gnu-tools-for-stm32.12.3.rel1.win32_1.1.0.202410251130/tools/bin/../lib/gcc/arm-none-eabi/12.3.1/../../../../arm-none-eabi/lib/thumb/v6-m/nofp\libc_nano.a(libc_a-reent.o)
                              C:/ST/STM32CubeIDE_1.14.0/STM32CubeIDE/plugins/com.st.stm32cube.ide.mcu.externaltools.gnu-tools-for-stm32.12.3.rel1.win32_1.1.0.202410251130/tools/bin/../lib/gcc/arm-none-eabi/12.3.1/../../../../arm-none-eabi/lib/thumb/v6-m/nofp\libc_nano.a(libc_a-closer.o) (errno)
C:/ST/STM32CubeIDE_1.14.0/STM32CubeIDE/plugins/com.st.stm32cube.ide.mcu.externaltools.gnu-tools-for-stm32.12.3.rel1.win32_1.1.0.202410251130/tools/bin/../lib/gcc/arm-none-eabi/12.3.1/../../../../arm-none-eabi/lib/thumb/v6-m/nofp\libc_nano.a(libc_a-impure.o)
                              C:/ST/STM32CubeIDE_1.14.0/STM32CubeIDE/plugins/com.st.stm32cube.ide.mcu.externaltools.gnu-tools-for-stm32.12.3.rel1.win32_1.1.0.202410251130/tools/bin/../lib/gcc/arm-none-eabi/12.3.1/../../../../arm-none-eabi/lib/thumb/v6-m/nofp\libc_nano.a(libc_a-reent.o) (_impure_ptr)
C:/ST/STM32CubeIDE_1.14.0/STM32CubeIDE/plugins/com.st.stm32cube.ide.mcu.externaltools.gnu-tools-for-stm32.12.3.rel1.win32_1.1.0.202410251130/tools/bin/../lib/gcc/arm-none-eabi/12.3.1/../../../../arm-none-eabi/lib/thumb/v6-m/nofp\libc_nano.a(libc_a-lseekr.o)
[...]
Memory Configuration

Name             Origin             Length             Attributes
RAM              0x20000000         0x00001000         xrw
FLASH            0x08000000         0x00004000         xr
*default*        0x00000000         0xffffffff

Linker script and memory map

LOAD C:/ST/STM32CubeIDE_1.14.0/STM32CubeIDE/plugins/com.st.stm32cube.ide.mcu.externaltools.gnu-tools-for-stm32.12.3.rel1.win32_1.1.0.202410251130/tools/bin/../lib/gcc/arm-none-eabi/12.3.1/thumb/v6-m/nofp/crti.o
LOAD C:/ST/STM32CubeIDE_1.14.0/STM32CubeIDE/plugins/com.st.stm32cube.ide.mcu.externaltools.gnu-tools-for-stm32.12.3.rel1.win32_1.1.0.202410251130/tools/bin/../lib/gcc/arm-none-eabi/12.3.1/thumb/v6-m/nofp/crtbegin.o
LOAD C:/ST/STM32CubeIDE_1.14.0/STM32CubeIDE/plugins/com.st.stm32cube.ide.mcu.externaltools.gnu-tools-for-stm32.12.3.rel1.win32_1.1.0.202410251130/tools/bin/../lib/gcc/arm-none-eabi/12.3.1/../../../../arm-none-eabi/lib/thumb/v6-m/nofp/crt0.o
LOAD ./Core/Src/main.o
LOAD ./Core/Src/stm32f0xx_it.o
LOAD ./Core/Src/syscalls.o
LOAD ./Core/Src/sysmem.o
LOAD ./Core/Src/system_stm32f0xx.o
LOAD ./Core/Startup/startup_stm32f030f4px.o
LOAD ./Drivers/STM32F0xx_HAL_Driver/Src/stm32f0xx_ll_adc.o
LOAD ./Drivers/STM32F0xx_HAL_Driver/Src/stm32f0xx_ll_dma.o
LOAD ./Drivers/STM32F0xx_HAL_Driver/Src/stm32f0xx_ll_exti.o
LOAD ./Drivers/STM32F0xx_HAL_Driver/Src/stm32f0xx_ll_gpio.o
LOAD ./Drivers/STM32F0xx_HAL_Driver/Src/stm32f0xx_ll_i2c.o
LOAD ./Drivers/STM32F0xx_HAL_Driver/Src/stm32f0xx_ll_pwr.o
LOAD ./Drivers/STM32F0xx_HAL_Driver/Src/stm32f0xx_ll_rcc.o
LOAD ./Drivers/STM32F0xx_HAL_Driver/Src/stm32f0xx_ll_tim.o
LOAD ./Drivers/STM32F0xx_HAL_Driver/Src/stm32f0xx_ll_usart.o
LOAD ./Drivers/STM32F0xx_HAL_Driver/Src/stm32f0xx_ll_utils.o
START GROUP
LOAD C:/ST/STM32CubeIDE_1.14.0/STM32CubeIDE/plugins/com.st.stm32cube.ide.mcu.externaltools.gnu-tools-for-stm32.12.3.rel1.win32_1.1.0.202410251130/tools/bin/../lib/gcc/arm-none-eabi/12.3.1/../../../../arm-none-eabi/lib/thumb/v6-m/nofp\libc_nano.a
LOAD C:/ST/STM32CubeIDE_1.14.0/STM32CubeIDE/plugins/com.st.stm32cube.ide.mcu.externaltools.gnu-tools-for-stm32.12.3.rel1.win32_1.1.0.202410251130/tools/bin/../lib/gcc/arm-none-eabi/12.3.1/../../../../arm-none-eabi/lib/thumb/v6-m/nofp\libm.a
END GROUP
START GROUP
LOAD C:/ST/STM32CubeIDE_1.14.0/STM32CubeIDE/plugins/com.st.stm32cube.ide.mcu.externaltools.gnu-tools-for-stm32.12.3.rel1.win32_1.1.0.202410251130/tools/bin/../lib/gcc/arm-none-eabi/12.3.1/thumb/v6-m/nofp\libgcc.a
LOAD C:/ST/STM32CubeIDE_1.14.0/STM32CubeIDE/plugins/com.st.stm32cube.ide.mcu.externaltools.gnu-tools-for-stm32.12.3.rel1.win32_1.1.0.202410251130/tools/bin/../lib/gcc/arm-none-eabi/12.3.1/../../../../arm-none-eabi/lib/thumb/v6-m/nofp\libc_nano.a
END GROUP
START GROUP
LOAD C:/ST/STM32CubeIDE_1.14.0/STM32CubeIDE/plugins/com.st.stm32cube.ide.mcu.externaltools.gnu-tools-for-stm32.12.3.rel1.win32_1.1.0.202410251130/tools/bin/../lib/gcc/arm-none-eabi/12.3.1/thumb/v6-m/nofp\libgcc.a
LOAD C:/ST/STM32CubeIDE_1.14.0/STM32CubeIDE/plugins/com.st.stm32cube.ide.mcu.externaltools.gnu-tools-for-stm32.12.3.rel1.win32_1.1.0.202410251130/tools/bin/../lib/gcc/arm-none-eabi/12.3.1/../../../../arm-none-eabi/lib/thumb/v6-m/nofp\libc_nano.a
LOAD C:/ST/STM32CubeIDE_1.14.0/STM32CubeIDE/plugins/com.st.stm32cube.ide.mcu.externaltools.gnu-tools-for-stm32.12.3.rel1.win32_1.1.0.202410251130/tools/bin/../lib/gcc/arm-none-eabi/12.3.1/../../../../arm-none-eabi/lib/thumb/v6-m/nofp\libnosys.a
END GROUP
START GROUP
LOAD C:/ST/STM32CubeIDE_1.14.0/STM32CubeIDE/plugins/com.st.stm32cube.ide.mcu.externaltools.gnu-tools-for-stm32.12.3.rel1.win32_1.1.0.202410251130/tools/bin/../lib/gcc/arm-none-eabi/12.3.1/thumb/v6-m/nofp\libgcc.a
LOAD C:/ST/STM32CubeIDE_1.14.0/STM32CubeIDE/plugins/com.st.stm32cube.ide.mcu.externaltools.gnu-tools-for-stm32.12.3.rel1.win32_1.1.0.202410251130/tools/bin/../lib/gcc/arm-none-eabi/12.3.1/../../../../arm-none-eabi/lib/thumb/v6-m/nofp\libc_nano.a
LOAD C:/ST/STM32CubeIDE_1.14.0/STM32CubeIDE/plugins/com.st.stm32cube.ide.mcu.externaltools.gnu-tools-for-stm32.12.3.rel1.win32_1.1.0.202410251130/tools/bin/../lib/gcc/arm-none-eabi/12.3.1/../../../../arm-none-eabi/lib/thumb/v6-m/nofp\libnosys.a
END GROUP
LOAD C:/ST/STM32CubeIDE_1.14.0/STM32CubeIDE/plugins/com.st.stm32cube.ide.mcu.externaltools.gnu-tools-for-stm32.12.3.rel1.win32_1.1.0.202410251130/tools/bin/../lib/gcc/arm-none-eabi/12.3.1/thumb/v6-m/nofp/crtend.o
LOAD C:/ST/STM32CubeIDE_1.14.0/STM32CubeIDE/plugins/com.st.stm32cube.ide.mcu.externaltools.gnu-tools-for-stm32.12.3.rel1.win32_1.1.0.202410251130/tools/bin/../lib/gcc/arm-none-eabi/12.3.1/thumb/v6-m/nofp/crtn.o
                0x20001000                        _estack = (ORIGIN (RAM) + LENGTH (RAM))
                0x00000200                        _Min_Heap_Size = 0x200
                0x00000400                        _Min_Stack_Size = 0x400

.isr_vector     0x08000000       0xc0
                0x08000000                        . = ALIGN (0x4)
 *(.isr_vector)
 .isr_vector    0x08000000       0xc0 ./Core/Startup/startup_stm32f030f4px.o
                0x08000000                g_pfnVectors
                0x080000c0                        . = ALIGN (0x4)

.text           0x080000c0     0x131c
                0x080000c0                        . = ALIGN (0x4)
 *(.text)
 .text          0x080000c0       0x48 C:/ST/STM32CubeIDE_1.14.0/STM32CubeIDE/plugins/com.st.stm32cube.ide.mcu.externaltools.gnu-tools-for-stm32.12.3.rel1.win32_1.1.0.202410251130/tools/bin/../lib/gcc/arm-none-eabi/12.3.1/thumb/v6-m/nofp/crtbegin.o
 *(.text*)
 .text.__NVIC_SetPriority
                0x08000108       0xdc ./Core/Src/main.o
 .text.LL_AHB1_GRP1_EnableClock
                0x080001e4       0x2c ./Core/Src/main.o
 .text.LL_APB1_GRP1_EnableClock
                0x08000210       0x2c ./Core/Src/main.o
 .text.LL_APB1_GRP2_EnableClock
                0x0800023c       0x2c ./Core/Src/main.o
 .text.LL_GPIO_ResetOutputPin
                0x08000268       0x18 ./Core/Src/main.o
 .text.main     0x08000280      0x1c8 ./Core/Src/main.o
                0x08000280                main
 .text.SystemClock_Config
                0x08000448       0x34 ./Core/Src/main.o
                0x08000448                SystemClock_Config
 .text.MX_ADC_Init
                0x0800047c       0x60 ./Core/Src/main.o
 .text.MX_I2C1_Init
                0x080004dc      0x140 ./Core/Src/main.o
 .text.MX_TIM14_Init
                0x0800061c       0x68 ./Core/Src/main.o
 .text.MX_TIM16_Init
                0x08000684       0x74 ./Core/Src/main.o
 .text.MX_USART1_UART_Init
                0x080006f8       0xac ./Core/Src/main.o
 .text.MX_GPIO_Init
                0x080007a4      0x148 ./Core/Src/main.o
 .text.I2C_Send_Buffer
                0x080008ec       0x9c ./Core/Src/main.o
                0x080008ec                I2C_Send_Buffer
 .text.SetControlPins
                0x08000988       0x58 ./Core/Src/main.o
                0x08000988                SetControlPins
 .text.DelayWithTimer
                0x080009e0       0x28 ./Core/Src/main.o
                0x080009e0                DelayWithTimer
 .text.go       0x08000a08       0x60 ./Core/Src/main.o
                0x08000a08                go
 .text.read_sensors
                0x08000a68       0x80 ./Core/Src/main.o
                0x08000a68                read_sensors
 .text.line_process
                0x08000ae8      0x218 ./Core/Src/main.o
                0x08000ae8                line_process
 .text.data_process
                0x08000d00      0x298 ./Core/Src/main.o
                0x08000d00                data_process
 .text.SendSingleValue
                0x08000f98       0x56 ./Core/Src/main.o
                0x08000f98                SendSingleValue
 .text.SetSensorRight
                0x08000fee       0x30 ./Core/Src/main.o
                0x08000fee                SetSensorRight
 .text.SetSensorLeft
                0x0800101e       0x30 ./Core/Src/main.o
                0x0800101e                SetSensorLeft
 *fill*         0x0800104e        0x2 
 .text.Timeout  0x08001050       0x2c ./Core/Src/main.o
                0x08001050                Timeout
 .text.checkTimeout
                0x0800107c       0x30 ./Core/Src/main.o
                0x0800107c                checkTimeout
 .text.NMI_Handler
                0x080010ac        0x8 ./Core/Src/stm32f0xx_it.o
                0x080010ac                NMI_Handler
 .text.HardFault_Handler
                0x080010b4        0x8 ./Core/Src/stm32f0xx_it.o
                0x080010b4                HardFault_Handler
 .text.SVC_Handler
                0x080010bc        0xa ./Core/Src/stm32f0xx_it.o
                0x080010bc                SVC_Handler
 .text.PendSV_Handler
                0x080010c6        0xa ./Core/Src/stm32f0xx_it.o
                0x080010c6                PendSV_Handler
 .text.SysTick_Handler
                0x080010d0        0xa ./Core/Src/stm32f0xx_it.o
                0x080010d0                SysTick_Handler
 .text.I2C1_IRQHandler
                0x080010da        0xa ./Core/Src/stm32f0xx_it.o
                0x080010da                I2C1_IRQHandler
 .text.SystemInit
                0x080010e4        0xa ./Core/Src/system_stm32f0xx.o
                0x080010e4                SystemInit
 *fill*         0x080010ee        0x2 
 .text.Reset_Handler
                0x080010f0       0x50 ./Core/Startup/startup_stm32f030f4px.o
                0x080010f0                Reset_Handler
 .text.Default_Handler
                0x08001140        0x2 ./Core/Startup/startup_stm32f030f4px.o
                0x08001140                TIM1_CC_IRQHandler
                0x08001140                SPI1_IRQHandler
                0x08001140                EXTI2_3_IRQHandler
                0x08001140                ADC1_IRQHandler
                0x08001140                TIM17_IRQHandler
                0x08001140                RTC_IRQHandler
                0x08001140                TIM16_IRQHandler
                0x08001140                TIM3_IRQHandler
                0x08001140                EXTI4_15_IRQHandler
                0x08001140                RCC_IRQHandler
                0x08001140                DMA1_Channel1_IRQHandler
                0x08001140                Default_Handler
                0x08001140                TIM14_IRQHandler
                0x08001140                DMA1_Channel4_5_IRQHandler
                0x08001140                EXTI0_1_IRQHandler
                0x08001140                WWDG_IRQHandler
                0x08001140                DMA1_Channel2_3_IRQHandler
                0x08001140                FLASH_IRQHandler
                0x08001140                USART1_IRQHandler
                0x08001140                TIM1_BRK_UP_TRG_COM_IRQHandler
 .text.LL_GPIO_SetPinMode
                0x08001142       0x38 ./Drivers/STM32F0xx_HAL_Driver/Src/stm32f0xx_ll_gpio.o
 .text.LL_GPIO_SetPinOutputType
                0x0800117a       0x2a ./Drivers/STM32F0xx_HAL_Driver/Src/stm32f0xx_ll_gpio.o
 .text.LL_GPIO_SetPinSpeed
                0x080011a4       0x38 ./Drivers/STM32F0xx_HAL_Driver/Src/stm32f0xx_ll_gpio.o
 .text.LL_GPIO_SetPinPull
                0x080011dc       0x38 ./Drivers/STM32F0xx_HAL_Driver/Src/stm32f0xx_ll_gpio.o
 .text.LL_GPIO_SetAFPin_0_7
                0x08001214       0x46 ./Drivers/STM32F0xx_HAL_Driver/Src/stm32f0xx_ll_gpio.o
 .text.LL_GPIO_SetAFPin_8_15
                0x0800125a       0x5a ./Drivers/STM32F0xx_HAL_Driver/Src/stm32f0xx_ll_gpio.o
 .text.LL_GPIO_Init
                0x080012b4       0xb8 ./Drivers/STM32F0xx_HAL_Driver/Src/stm32f0xx_ll_gpio.o
                0x080012b4                LL_GPIO_Init
 .text.memset   0x0800136c       0x10 C:/ST/STM32CubeIDE_1.14.0/STM32CubeIDE/plugins/com.st.stm32cube.ide.mcu.externaltools.gnu-tools-for-stm32.12.3.rel1.win32_1.1.0.202410251130/tools/bin/../lib/gcc/arm-none-eabi/12.3.1/../../../../arm-none-eabi/lib/thumb/v6-m/nofp\libc_nano.a(libc_a-memset.o)
                0x0800136c                memset
 .text.__libc_init_array
                0x0800137c       0x48 C:/ST/STM32CubeIDE_1.14.0/STM32CubeIDE/plugins/com.st.stm32cube.ide.mcu.externaltools.gnu-tools-for-stm32.12.3.rel1.win32_1.1.0.202410251130/tools/bin/../lib/gcc/arm-none-eabi/12.3.1/../../../../arm-none-eabi/lib/thumb/v6-m/nofp\libc_nano.a(libc_a-init.o)
                0x0800137c                __libc_init_array
 *(.glue_7)
 .glue_7        0x080013c4        0x0 linker stubs
 *(.glue_7t)
 .glue_7t       0x080013c4        0x0 linker stubs
 *(.eh_frame)
 .eh_frame      0x080013c4        0x0 C:/ST/STM32CubeIDE_1.14.0/STM32CubeIDE/plugins/com.st.stm32cube.ide.mcu.externaltools.gnu-tools-for-stm32.12.3.rel1.win32_1.1.0.202410251130/tools/bin/../lib/gcc/arm-none-eabi/12.3.1/thumb/v6-m/nofp/crtbegin.o
 *(.init)
 .init          0x080013c4        0x4 C:/ST/STM32CubeIDE_1.14.0/STM32CubeIDE/plugins/com.st.stm32cube.ide.mcu.externaltools.gnu-tools-for-stm32.12.3.rel1.win32_1.1.0.202410251130/tools/bin/../lib/gcc/arm-none-eabi/12.3.1/thumb/v6-m/nofp/crti.o
                0x080013c4                _init
 .init          0x080013c8        0x8 C:/ST/STM32CubeIDE_1.14.0/STM32CubeIDE/plugins/com.st.stm32cube.ide.mcu.externaltools.gnu-tools-for-stm32.12.3.rel1.win32_1.1.0.202410251130/tools/bin/../lib/gcc/arm-none-eabi/12.3.1/thumb/v6-m/nofp/crtn.o
 *(.fini)
 .fini          0x080013d0        0x4 C:/ST/STM32CubeIDE_1.14.0/STM32CubeIDE/plugins/com.st.stm32cube.ide.mcu.externaltools.gnu-tools-for-stm32.12.3.rel1.win32_1.1.0.202410251130/tools/bin/../lib/gcc/arm-none-eabi/12.3.1/thumb/v6-m/nofp/crti.o
                0x080013d0                _fini
 .fini          0x080013d4        0x8 C:/ST/STM32CubeIDE_1.14.0/STM32CubeIDE/plugins/com.st.stm32cube.ide.mcu.externaltools.gnu-tools-for-stm32.12.3.rel1.win32_1.1.0.202410251130/tools/bin/../lib/gcc/arm-none-eabi/12.3.1/thumb/v6-m/nofp/crtn.o
                0x080013dc                        . = ALIGN (0x4)
                0x080013dc                        _etext = .

.vfp11_veneer   0x080013dc        0x0
 .vfp11_veneer  0x080013dc        0x0 linker stubs

.v4_bx          0x080013dc        0x0
 .v4_bx         0x080013dc        0x0 linker stubs

.iplt           0x080013dc        0x0
 .iplt          0x080013dc        0x0 C:/ST/STM32CubeIDE_1.14.0/STM32CubeIDE/plugins/com.st.stm32cube.ide.mcu.externaltools.gnu-tools-for-stm32.12.3.rel1.win32_1.1.0.202410251130/tools/bin/../lib/gcc/arm-none-eabi/12.3.1/thumb/v6-m/nofp/crtbegin.o

.rel.dyn        0x080013dc        0x0
 .rel.iplt      0x080013dc        0x0 C:/ST/STM32CubeIDE_1.14.0/STM32CubeIDE/plugins/com.st.stm32cube.ide.mcu.externaltools.gnu-tools-for-stm32.12.3.rel1.win32_1.1.0.202410251130/tools/bin/../lib/gcc/arm-none-eabi/12.3.1/thumb/v6-m/nofp/crtbegin.o

.rodata         0x080013dc        0x0
                0x080013dc                        . = ALIGN (0x4)
 *(.rodata)
 *(.rodata*)
                0x080013dc                        . = ALIGN (0x4)

.ARM.extab      0x080013dc        0x0
                0x080013dc                        . = ALIGN (0x4)
 *(.ARM.extab* .gnu.linkonce.armextab.*)
                0x080013dc                        . = ALIGN (0x4)

.ARM            0x080013dc        0x0
                0x080013dc                        . = ALIGN (0x4)
                0x080013dc                        __exidx_start = .
 *(.ARM.exidx*)
                0x080013dc                        __exidx_end = .
                0x080013dc                        . = ALIGN (0x4)

.preinit_array  0x080013dc        0x0
                0x080013dc                        . = ALIGN (0x4)
                0x080013dc                        PROVIDE (__preinit_array_start = .)
 *(.preinit_array*)
                0x080013dc                        PROVIDE (__preinit_array_end = .)
                0x080013dc                        . = ALIGN (0x4)

.init_array     0x080013dc        0x4
                0x080013dc                        . = ALIGN (0x4)
                0x080013dc                        PROVIDE (__init_array_start = .)
 *(SORT_BY_NAME(.init_array.*))
 *(.init_array*)
 .init_array    0x080013dc        0x4 C:/ST/STM32CubeIDE_1.14.0/STM32CubeIDE/plugins/com.st.stm32cube.ide.mcu.externaltools.gnu-tools-for-stm32.12.3.rel1.win32_1.1.0.202410251130/tools/bin/../lib/gcc/arm-none-eabi/12.3.1/thumb/v6-m/nofp/crtbegin.o
                0x080013e0                        PROVIDE (__init_array_end = .)
                0x080013e0                        . = ALIGN (0x4)

.fini_array     0x080013e0        0x4
                0x080013e0                        . = ALIGN (0x4)
                [!provide]                        PROVIDE (__fini_array_start = .)
 *(SORT_BY_NAME(.fini_array.*))
 *(.fini_array*)
 .fini_array    0x080013e0        0x4 C:/ST/STM32CubeIDE_1.14.0/STM32CubeIDE/plugins/com.st.stm32cube.ide.mcu.externaltools.gnu-tools-for-stm32.12.3.rel1.win32_1.1.0.202410251130/tools/bin/../lib/gcc/arm-none-eabi/12.3.1/thumb/v6-m/nofp/crtbegin.o
                [!provide]                        PROVIDE (__fini_array_end = .)
                0x080013e4                        . = ALIGN (0x4)
                0x080013e4                        _sidata = LOADADDR (.data)

.data           0x20000000        0x0 load address 0x080013e4
                0x20000000                        . = ALIGN (0x4)
                0x20000000                        _sdata = .
 *(.data)
 *(.data*)
 *(.RamFunc)
 *(.RamFunc*)
                0x20000000                        . = ALIGN (0x4)
                0x20000000                        _edata = .

.igot.plt       0x20000000        0x0 load address 0x080013e4
 .igot.plt      0x20000000        0x0 C:/ST/STM32CubeIDE_1.14.0/STM32CubeIDE/plugins/com.st.stm32cube.ide.mcu.externaltools.gnu-tools-for-stm32.12.3.rel1.win32_1.1.0.202410251130/tools/bin/../lib/gcc/arm-none-eabi/12.3.1/thumb/v6-m/nofp/crtbegin.o
                0x20000000                        . = ALIGN (0x4)

.bss            0x20000000       0x54 load address 0x080013e4
                0x20000000                        _sbss = .
                0x20000000                        __bss_start__ = _sbss
 *(.bss)
 .bss           0x20000000       0x1c C:/ST/STM32CubeIDE_1.14.0/STM32CubeIDE/plugins/com.st.stm32cube.ide.mcu.externaltools.gnu-tools-for-stm32.12.3.rel1.win32_1.1.0.202410251130/tools/bin/../lib/gcc/arm-none-eabi/12.3.1/thumb/v6-m/nofp/crtbegin.o
 *(.bss*)
 .bss.sensor_data
                0x2000001c        0x8 ./Core/Src/main.o
                0x2000001c                sensor_data
 .bss.last_direction
                0x20000024        0x1 ./Core/Src/main.o
                0x20000024                last_direction
 *fill*         0x20000025        0x3 
 .bss.history   0x20000028       0x10 ./Core/Src/main.o
                0x20000028                history
 .bss.DTIndex   0x20000038        0x1 ./Core/Src/main.o
                0x20000038                DTIndex
 .bss.phase     0x20000039        0x1 ./Core/Src/main.o
                0x20000039                phase
 .bss.count_up  0x2000003a        0x1 ./Core/Src/main.o
                0x2000003a                count_up
 .bss.enough_data
                0x2000003b        0x1 ./Core/Src/main.o
                0x2000003b                enough_data
 .bss.CK_set    0x2000003c        0x1 ./Core/Src/main.o
                0x2000003c                CK_set
 *fill*         0x2000003d        0x3 
 .bss.CK        0x20000040        0x4 ./Core/Src/main.o
 .bss.DT        0x20000044        0x4 ./Core/Src/main.o
 .bss.CROSS     0x20000048        0x1 ./Core/Src/main.o
                0x20000048                CROSS
 .bss.speed     0x20000049        0x1 ./Core/Src/main.o
                0x20000049                speed
 *fill*         0x2000004a        0x2 
 .bss.helper    0x2000004c        0x2 ./Core/Src/main.o
                0x2000004c                helper
 .bss.lastStateCK
                0x2000004e        0x1 ./Core/Src/main.o
                0x2000004e                lastStateCK
 .bss.lastStateDT
                0x2000004f        0x1 ./Core/Src/main.o
                0x2000004f                lastStateDT
 .bss.clockChanged
                0x20000050        0x1 ./Core/Src/main.o
                0x20000050                clockChanged
 *(COMMON)
                0x20000054                        . = ALIGN (0x4)
 *fill*         0x20000051        0x3 
                0x20000054                        _ebss = .
                0x20000054                        __bss_end__ = _ebss

._user_heap_stack
                0x20000054      0x604 load address 0x080013e4
                0x20000058                        . = ALIGN (0x8)
 *fill*         0x20000054        0x4 
                [!provide]                        PROVIDE (end = .)
                0x20000058                        PROVIDE (_end = .)
                0x20000258                        . = (. + _Min_Heap_Size)
 *fill*         0x20000058      0x200 
                0x20000658                        . = (. + _Min_Stack_Size)
 *fill*         0x20000258      0x400 
                0x20000658                        . = ALIGN (0x8)

/DISCARD/
 libc.a(*)
 libm.a(*)
 libgcc.a(*)

.ARM.attributes
                0x00000000       0x28
 *(.ARM.attributes)
 .ARM.attributes
                0x00000000       0x1e C:/ST/STM32CubeIDE_1.14.0/STM32CubeIDE/plugins/com.st.stm32cube.ide.mcu.externaltools.gnu-tools-for-stm32.12.3.rel1.win32_1.1.0.202410251130/tools/bin/../lib/gcc/arm-none-eabi/12.3.1/thumb/v6-m/nofp/crti.o
 .ARM.attributes
                0x0000001e       0x2c C:/ST/STM32CubeIDE_1.14.0/STM32CubeIDE/plugins/com.st.stm32cube.ide.mcu.externaltools.gnu-tools-for-stm32.12.3.rel1.win32_1.1.0.202410251130/tools/bin/../lib/gcc/arm-none-eabi/12.3.1/thumb/v6-m/nofp/crtbegin.o
 .ARM.attributes
                0x0000004a       0x2c ./Core/Src/main.o
 .ARM.attributes
                0x00000076       0x2c ./Core/Src/stm32f0xx_it.o
 .ARM.attributes
                0x000000a2       0x2c ./Core/Src/system_stm32f0xx.o
 .ARM.attributes
                0x000000ce       0x21 ./Core/Startup/startup_stm32f030f4px.o
 .ARM.attributes
                0x000000ef       0x2c ./Drivers/STM32F0xx_HAL_Driver/Src/stm32f0xx_ll_gpio.o
 .ARM.attributes
                0x0000011b       0x2c C:/ST/STM32CubeIDE_1.14.0/STM32CubeIDE/plugins/com.st.stm32cube.ide.mcu.externaltools.gnu-tools-for-stm32.12.3.rel1.win32_1.1.0.202410251130/tools/bin/../lib/gcc/arm-none-eabi/12.3.1/../../../../arm-none-eabi/lib/thumb/v6-m/nofp\libc_nano.a(libc_a-memset.o)
 .ARM.attributes
                0x00000147       0x2c C:/ST/STM32CubeIDE_1.14.0/STM32CubeIDE/plugins/com.st.stm32cube.ide.mcu.externaltools.gnu-tools-for-stm32.12.3.rel1.win32_1.1.0.202410251130/tools/bin/../lib/gcc/arm-none-eabi/12.3.1/../../../../arm-none-eabi/lib/thumb/v6-m/nofp\libc_nano.a(libc_a-init.o)
 .ARM.attributes
                0x00000173       0x1e C:/ST/STM32CubeIDE_1.14.0/STM32CubeIDE/plugins/com.st.stm32cube.ide.mcu.externaltools.gnu-tools-for-stm32.12.3.rel1.win32_1.1.0.202410251130/tools/bin/../lib/gcc/arm-none-eabi/12.3.1/thumb/v6-m/nofp/crtn.o
OUTPUT(_sensor_com.elf elf32-littlearm)
LOAD linker stubs
LOAD C:/ST/STM32CubeIDE_1.14.0/STM32CubeIDE/plugins/com.st.stm32cube.ide.mcu.externaltools.gnu-tools-for-stm32.12.3.rel1.win32_1.1.0.202410251130/tools/bin/../lib/gcc/arm-none-eabi/12.3.1/../../../../arm-none-eabi/lib/thumb/v6-m/nofp\libc.a
LOAD C:/ST/STM32CubeIDE_1.14.0/STM32CubeIDE/plugins/com.st.stm32cube.ide.mcu.externaltools.gnu-tools-for-stm32.12.3.rel1.win32_1.1.0.202410251130/tools/bin/../lib/gcc/arm-none-eabi/12.3.1/../../../../arm-none-eabi/lib/thumb/v6-m/nofp\libm.a
LOAD C:/ST/STM32CubeIDE_1.14.0/STM32CubeIDE/plugins/com.st.stm32cube.ide.mcu.externaltools.gnu-tools-for-stm32.12.3.rel1.win32_1.1.0.202410251130/tools/bin/../lib/gcc/arm-none-eabi/12.3.1/thumb/v6-m/nofp\libgcc.a

.debug_info     0x00000000     0x1ade
 .debug_info    0x00000000     0x11cd ./Core/Src/main.o
 .debug_info    0x000011cd      0x17e ./Core/Src/stm32f0xx_it.o
 .debug_info    0x0000134b      0x23b ./Core/Src/system_stm32f0xx.o
 .debug_info    0x00001586       0x30 ./Core/Startup/startup_stm32f030f4px.o
 .debug_info    0x000015b6      0x528 ./Drivers/STM32F0xx_HAL_Driver/Src/stm32f0xx_ll_gpio.o

.debug_abbrev   0x00000000      0x6f9
 .debug_abbrev  0x00000000      0x396 ./Core/Src/main.o
 .debug_abbrev  0x00000396       0x81 ./Core/Src/stm32f0xx_it.o
 .debug_abbrev  0x00000417      0x11c ./Core/Src/system_stm32f0xx.o
 .debug_abbrev  0x00000533       0x24 ./Core/Startup/startup_stm32f030f4px.o
 .debug_abbrev  0x00000557      0x1a2 ./Drivers/STM32F0xx_HAL_Driver/Src/stm32f0xx_ll_gpio.o

.debug_aranges  0x00000000      0x220
 .debug_aranges
                0x00000000      0x118 ./Core/Src/main.o
 .debug_aranges
                0x00000118       0x48 ./Core/Src/stm32f0xx_it.o
 .debug_aranges
                0x00000160       0x28 ./Core/Src/system_stm32f0xx.o
 .debug_aranges
                0x00000188       0x28 ./Core/Startup/startup_stm32f030f4px.o
 .debug_aranges
                0x000001b0       0x70 ./Drivers/STM32F0xx_HAL_Driver/Src/stm32f0xx_ll_gpio.o

.debug_rnglists
                0x00000000      0x18e
 .debug_rnglists
                0x00000000       0xd9 ./Core/Src/main.o
 .debug_rnglists
                0x000000d9       0x31 ./Core/Src/stm32f0xx_it.o
 .debug_rnglists
                0x0000010a       0x1a ./Core/Src/system_stm32f0xx.o
 .debug_rnglists
                0x00000124       0x19 ./Core/Startup/startup_stm32f030f4px.o
 .debug_rnglists
                0x0000013d       0x51 ./Drivers/STM32F0xx_HAL_Driver/Src/stm32f0xx_ll_gpio.o

.debug_macro    0x00000000     0xafdb
 .debug_macro   0x00000000      0x27b ./Core/Src/main.o
 .debug_macro   0x0000027b      0xac6 ./Core/Src/main.o
 .debug_macro   0x00000d41       0x2e ./Core/Src/main.o
 .debug_macro   0x00000d6f       0x22 ./Core/Src/main.o
 .debug_macro   0x00000d91       0x22 ./Core/Src/main.o
 .debug_macro   0x00000db3       0x8e ./Core/Src/main.o
 .debug_macro   0x00000e41       0x51 ./Core/Src/main.o
 .debug_macro   0x00000e92      0x103 ./Core/Src/main.o
 .debug_macro   0x00000f95       0x6a ./Core/Src/main.o
 .debug_macro   0x00000fff      0x1df ./Core/Src/main.o
 .debug_macro   0x000011de       0x1c ./Core/Src/main.o
 .debug_macro   0x000011fa       0x22 ./Core/Src/main.o
 .debug_macro   0x0000121c       0xaf ./Core/Src/main.o
 .debug_macro   0x000012cb      0x391 ./Core/Src/main.o
 .debug_macro   0x0000165c     0x6e6e ./Core/Src/main.o
 .debug_macro   0x000084ca       0x66 ./Core/Src/main.o
 .debug_macro   0x00008530      0x5a6 ./Core/Src/main.o
 .debug_macro   0x00008ad6      0x24d ./Core/Src/main.o
 .debug_macro   0x00008d23      0x40c ./Core/Src/main.o
 .debug_macro   0x0000912f       0xab ./Core/Src/main.o
 .debug_macro   0x000091da      0x17d ./Core/Src/main.o
 .debug_macro   0x00009357       0xd0 ./Core/Src/main.o
 .debug_macro   0x00009427       0x16 ./Core/Src/main.o
 .debug_macro   0x0000943d       0x2a ./Core/Src/main.o
 .debug_macro   0x00009467       0x68 ./Core/Src/main.o
 .debug_macro   0x000094cf      0x215 ./Core/Src/main.o
 .debug_macro   0x000096e4      0x5bd ./Core/Src/main.o
 .debug_macro   0x00009ca1      0x264 ./Core/Src/main.o
 .debug_macro   0x00009f05      0x11f ./Core/Src/main.o
 .debug_macro   0x0000a024       0x5e ./Core/Src/main.o
 .debug_macro   0x0000a082       0x22 ./Core/Src/main.o
 .debug_macro   0x0000a0a4       0x61 ./Core/Src/main.o
 .debug_macro   0x0000a105       0x24 ./Core/Src/main.o
 .debug_macro   0x0000a129       0x43 ./Core/Src/main.o
 .debug_macro   0x0000a16c       0x34 ./Core/Src/main.o
 .debug_macro   0x0000a1a0      0x189 ./Core/Src/main.o
 .debug_macro   0x0000a329       0x16 ./Core/Src/main.o
 .debug_macro   0x0000a33f       0x43 ./Core/Src/main.o
 .debug_macro   0x0000a382       0x34 ./Core/Src/main.o
 .debug_macro   0x0000a3b6       0x10 ./Core/Src/main.o
 .debug_macro   0x0000a3c6       0x58 ./Core/Src/main.o
 .debug_macro   0x0000a41e       0x8e ./Core/Src/main.o
 .debug_macro   0x0000a4ac       0x1c ./Core/Src/main.o
 .debug_macro   0x0000a4c8      0x177 ./Core/Src/main.o
 .debug_macro   0x0000a63f      0x369 ./Core/Src/main.o
 .debug_macro   0x0000a9a8       0x10 ./Core/Src/main.o
 .debug_macro   0x0000a9b8       0x35 ./Core/Src/main.o
 .debug_macro   0x0000a9ed       0x20 ./Core/Src/main.o
 .debug_macro   0x0000aa0d       0x1c ./Core/Src/main.o
 .debug_macro   0x0000aa29       0x10 ./Core/Src/main.o
 .debug_macro   0x0000aa39       0x1c ./Core/Src/main.o
 .debug_macro   0x0000aa55       0x16 ./Core/Src/main.o
 .debug_macro   0x0000aa6b      0x146 ./Core/Src/main.o
 .debug_macro   0x0000abb1      0x157 ./Core/Src/stm32f0xx_it.o
 .debug_macro   0x0000ad08       0xbf ./Core/Src/system_stm32f0xx.o
 .debug_macro   0x0000adc7       0xfb ./Drivers/STM32F0xx_HAL_Driver/Src/stm32f0xx_ll_gpio.o
 .debug_macro   0x0000aec2      0x119 ./Drivers/STM32F0xx_HAL_Driver/Src/stm32f0xx_ll_gpio.o

.debug_line     0x00000000     0x27d0
 .debug_line    0x00000000     0x147b ./Core/Src/main.o
 .debug_line    0x0000147b      0x6c4 ./Core/Src/stm32f0xx_it.o
 .debug_line    0x00001b3f      0x551 ./Core/Src/system_stm32f0xx.o
 .debug_line    0x00002090       0x7b ./Core/Startup/startup_stm32f030f4px.o
 .debug_line    0x0000210b      0x6c5 ./Drivers/STM32F0xx_HAL_Driver/Src/stm32f0xx_ll_gpio.o

.debug_str      0x00000000    0x3daca
 .debug_str     0x00000000    0x3d42c ./Core/Src/main.o
                              0x3d6f9 (size before relaxing)
 .debug_str     0x0003d42c       0x86 ./Core/Src/stm32f0xx_it.o
                              0x3949a (size before relaxing)
 .debug_str     0x0003d4b2       0xac ./Core/Src/system_stm32f0xx.o
                              0x2bea0 (size before relaxing)
 .debug_str     0x0003d55e       0x44 ./Core/Startup/startup_stm32f030f4px.o
                                 0x83 (size before relaxing)
 .debug_str     0x0003d5a2      0x528 ./Drivers/STM32F0xx_HAL_Driver/Src/stm32f0xx_ll_gpio.o
                              0x2cf23 (size before relaxing)

.comment        0x00000000       0x43
 .comment       0x00000000       0x43 ./Core/Src/main.o
                                 0x44 (size before relaxing)
 .comment       0x00000043       0x44 ./Core/Src/stm32f0xx_it.o
 .comment       0x00000043       0x44 ./Core/Src/system_stm32f0xx.o
 .comment       0x00000043       0x44 ./Drivers/STM32F0xx_HAL_Driver/Src/stm32f0xx_ll_gpio.o

.debug_frame    0x00000000      0x6b0
 .debug_frame   0x00000000      0x3f0 ./Core/Src/main.o
 .debug_frame   0x000003f0       0xb8 ./Core/Src/stm32f0xx_it.o
 .debug_frame   0x000004a8       0x4c ./Core/Src/system_stm32f0xx.o
 .debug_frame   0x000004f4      0x170 ./Drivers/STM32F0xx_HAL_Driver/Src/stm32f0xx_ll_gpio.o
 .debug_frame   0x00000664       0x20 C:/ST/STM32CubeIDE_1.14.0/STM32CubeIDE/plugins/com.st.stm32cube.ide.mcu.externaltools.gnu-tools-for-stm32.12.3.rel1.win32_1.1.0.202410251130/tools/bin/../lib/gcc/arm-none-eabi/12.3.1/../../../../arm-none-eabi/lib/thumb/v6-m/nofp\libc_nano.a(libc_a-memset.o)
 .debug_frame   0x00000684       0x2c C:/ST/STM32CubeIDE_1.14.0/STM32CubeIDE/plugins/com.st.stm32cube.ide.mcu.externaltools.gnu-tools-for-stm32.12.3.rel1.win32_1.1.0.202410251130/tools/bin/../lib/gcc/arm-none-eabi/12.3.1/../../../../arm-none-eabi/lib/thumb/v6-m/nofp\libc_nano.a(libc_a-init.o)

.debug_line_str
                0x00000000       0x67
 .debug_line_str
                0x00000000       0x67 ./Core/Startup/startup_stm32f030f4px.o
