Archive member included to satisfy reference by file (symbol)

C:/ST/STM32CubeIDE_1.14.0/STM32CubeIDE/plugins/com.st.stm32cube.ide.mcu.externaltools.gnu-tools-for-stm32.11.3.rel1.win32_1.1.100.202309141235/tools/bin/../lib/gcc/arm-none-eabi/11.3.1/../../../../arm-none-eabi/lib/thumb/v6-m/nofp\libc_nano.a(libc_a-exit.o)
                              C:/ST/STM32CubeIDE_1.14.0/STM32CubeIDE/plugins/com.st.stm32cube.ide.mcu.externaltools.gnu-tools-for-stm32.11.3.rel1.win32_1.1.100.202309141235/tools/bin/../lib/gcc/arm-none-eabi/11.3.1/../../../../arm-none-eabi/lib/thumb/v6-m/nofp/crt0.o (exit)
C:/ST/STM32CubeIDE_1.14.0/STM32CubeIDE/plugins/com.st.stm32cube.ide.mcu.externaltools.gnu-tools-for-stm32.11.3.rel1.win32_1.1.100.202309141235/tools/bin/../lib/gcc/arm-none-eabi/11.3.1/../../../../arm-none-eabi/lib/thumb/v6-m/nofp\libc_nano.a(libc_a-findfp.o)
                              C:/ST/STM32CubeIDE_1.14.0/STM32CubeIDE/plugins/com.st.stm32cube.ide.mcu.externaltools.gnu-tools-for-stm32.11.3.rel1.win32_1.1.100.202309141235/tools/bin/../lib/gcc/arm-none-eabi/11.3.1/../../../../arm-none-eabi/lib/thumb/v6-m/nofp\libc_nano.a(libc_a-exit.o) (__stdio_exit_handler)
C:/ST/STM32CubeIDE_1.14.0/STM32CubeIDE/plugins/com.st.stm32cube.ide.mcu.externaltools.gnu-tools-for-stm32.11.3.rel1.win32_1.1.100.202309141235/tools/bin/../lib/gcc/arm-none-eabi/11.3.1/../../../../arm-none-eabi/lib/thumb/v6-m/nofp\libc_nano.a(libc_a-fwalk.o)
                              C:/ST/STM32CubeIDE_1.14.0/STM32CubeIDE/plugins/com.st.stm32cube.ide.mcu.externaltools.gnu-tools-for-stm32.11.3.rel1.win32_1.1.100.202309141235/tools/bin/../lib/gcc/arm-none-eabi/11.3.1/../../../../arm-none-eabi/lib/thumb/v6-m/nofp\libc_nano.a(libc_a-findfp.o) (_fwalk_sglue)
C:/ST/STM32CubeIDE_1.14.0/STM32CubeIDE/plugins/com.st.stm32cube.ide.mcu.externaltools.gnu-tools-for-stm32.11.3.rel1.win32_1.1.100.202309141235/tools/bin/../lib/gcc/arm-none-eabi/11.3.1/../../../../arm-none-eabi/lib/thumb/v6-m/nofp\libc_nano.a(libc_a-stdio.o)
                              C:/ST/STM32CubeIDE_1.14.0/STM32CubeIDE/plugins/com.st.stm32cube.ide.mcu.externaltools.gnu-tools-for-stm32.11.3.rel1.win32_1.1.100.202309141235/tools/bin/../lib/gcc/arm-none-eabi/11.3.1/../../../../arm-none-eabi/lib/thumb/v6-m/nofp\libc_nano.a(libc_a-findfp.o) (__sread)
C:/ST/STM32CubeIDE_1.14.0/STM32CubeIDE/plugins/com.st.stm32cube.ide.mcu.externaltools.gnu-tools-for-stm32.11.3.rel1.win32_1.1.100.202309141235/tools/bin/../lib/gcc/arm-none-eabi/11.3.1/../../../../arm-none-eabi/lib/thumb/v6-m/nofp\libc_nano.a(libc_a-memset.o)
                              C:/ST/STM32CubeIDE_1.14.0/STM32CubeIDE/plugins/com.st.stm32cube.ide.mcu.externaltools.gnu-tools-for-stm32.11.3.rel1.win32_1.1.100.202309141235/tools/bin/../lib/gcc/arm-none-eabi/11.3.1/../../../../arm-none-eabi/lib/thumb/v6-m/nofp/crt0.o (memset)
C:/ST/STM32CubeIDE_1.14.0/STM32CubeIDE/plugins/com.st.stm32cube.ide.mcu.externaltools.gnu-tools-for-stm32.11.3.rel1.win32_1.1.100.202309141235/tools/bin/../lib/gcc/arm-none-eabi/11.3.1/../../../../arm-none-eabi/lib/thumb/v6-m/nofp\libc_nano.a(libc_a-closer.o)
                              C:/ST/STM32CubeIDE_1.14.0/STM32CubeIDE/plugins/com.st.stm32cube.ide.mcu.externaltools.gnu-tools-for-stm32.11.3.rel1.win32_1.1.100.202309141235/tools/bin/../lib/gcc/arm-none-eabi/11.3.1/../../../../arm-none-eabi/lib/thumb/v6-m/nofp\libc_nano.a(libc_a-stdio.o) (_close_r)
C:/ST/STM32CubeIDE_1.14.0/STM32CubeIDE/plugins/com.st.stm32cube.ide.mcu.externaltools.gnu-tools-for-stm32.11.3.rel1.win32_1.1.100.202309141235/tools/bin/../lib/gcc/arm-none-eabi/11.3.1/../../../../arm-none-eabi/lib/thumb/v6-m/nofp\libc_nano.a(libc_a-reent.o)
                              C:/ST/STM32CubeIDE_1.14.0/STM32CubeIDE/plugins/com.st.stm32cube.ide.mcu.externaltools.gnu-tools-for-stm32.11.3.rel1.win32_1.1.100.202309141235/tools/bin/../lib/gcc/arm-none-eabi/11.3.1/../../../../arm-none-eabi/lib/thumb/v6-m/nofp\libc_nano.a(libc_a-closer.o) (errno)
C:/ST/STM32CubeIDE_1.14.0/STM32CubeIDE/plugins/com.st.stm32cube.ide.mcu.externaltools.gnu-tools-for-stm32.11.3.rel1.win32_1.1.100.202309141235/tools/bin/../lib/gcc/arm-none-eabi/11.3.1/../../../../arm-none-eabi/lib/thumb/v6-m/nofp\libc_nano.a(libc_a-impure.o)
                              C:/ST/STM32CubeIDE_1.14.0/STM32CubeIDE/plugins/com.st.stm32cube.ide.mcu.externaltools.gnu-tools-for-stm32.11.3.rel1.win32_1.1.100.202309141235/tools/bin/../lib/gcc/arm-none-eabi/11.3.1/../../../../arm-none-eabi/lib/thumb/v6-m/nofp\libc_nano.a(libc_a-reent.o) (_impure_ptr)
C:/ST/STM32CubeIDE_1.14.0/STM32CubeIDE/plugins/com.st.stm32cube.ide.mcu.externaltools.gnu-tools-for-stm32.11.3.rel1.win32_1.1.100.202309141235/tools/bin/../lib/gcc/arm-none-eabi/11.3.1/../../../../arm-none-eabi/lib/thumb/v6-m/nofp\libc_nano.a(libc_a-lseekr.o)
[...]
Memory Configuration

Name             Origin             Length             Attributes
RAM              0x0000000020000000 0x0000000000001000 xrw
FLASH            0x0000000008000000 0x0000000000004000 xr
*default*        0x0000000000000000 0xffffffffffffffff

Linker script and memory map

LOAD C:/ST/STM32CubeIDE_1.14.0/STM32CubeIDE/plugins/com.st.stm32cube.ide.mcu.externaltools.gnu-tools-for-stm32.11.3.rel1.win32_1.1.100.202309141235/tools/bin/../lib/gcc/arm-none-eabi/11.3.1/thumb/v6-m/nofp/crti.o
LOAD C:/ST/STM32CubeIDE_1.14.0/STM32CubeIDE/plugins/com.st.stm32cube.ide.mcu.externaltools.gnu-tools-for-stm32.11.3.rel1.win32_1.1.100.202309141235/tools/bin/../lib/gcc/arm-none-eabi/11.3.1/thumb/v6-m/nofp/crtbegin.o
LOAD C:/ST/STM32CubeIDE_1.14.0/STM32CubeIDE/plugins/com.st.stm32cube.ide.mcu.externaltools.gnu-tools-for-stm32.11.3.rel1.win32_1.1.100.202309141235/tools/bin/../lib/gcc/arm-none-eabi/11.3.1/../../../../arm-none-eabi/lib/thumb/v6-m/nofp/crt0.o
LOAD ./Core/Src/main.o
LOAD ./Core/Src/stm32f0xx_it.o
LOAD ./Core/Src/syscalls.o
LOAD ./Core/Src/sysmem.o
LOAD ./Core/Src/system_stm32f0xx.o
LOAD ./Core/Startup/startup_stm32f030f4px.o
LOAD ./Drivers/STM32F0xx_HAL_Driver/Src/stm32f0xx_ll_adc.o
LOAD ./Drivers/STM32F0xx_HAL_Driver/Src/stm32f0xx_ll_dma.o
LOAD ./Drivers/STM32F0xx_HAL_Driver/Src/stm32f0xx_ll_exti.o
LOAD ./Drivers/STM32F0xx_HAL_Driver/Src/stm32f0xx_ll_gpio.o
LOAD ./Drivers/STM32F0xx_HAL_Driver/Src/stm32f0xx_ll_i2c.o
LOAD ./Drivers/STM32F0xx_HAL_Driver/Src/stm32f0xx_ll_pwr.o
LOAD ./Drivers/STM32F0xx_HAL_Driver/Src/stm32f0xx_ll_rcc.o
LOAD ./Drivers/STM32F0xx_HAL_Driver/Src/stm32f0xx_ll_tim.o
LOAD ./Drivers/STM32F0xx_HAL_Driver/Src/stm32f0xx_ll_usart.o
LOAD ./Drivers/STM32F0xx_HAL_Driver/Src/stm32f0xx_ll_utils.o
START GROUP
LOAD C:/ST/STM32CubeIDE_1.14.0/STM32CubeIDE/plugins/com.st.stm32cube.ide.mcu.externaltools.gnu-tools-for-stm32.11.3.rel1.win32_1.1.100.202309141235/tools/bin/../lib/gcc/arm-none-eabi/11.3.1/../../../../arm-none-eabi/lib/thumb/v6-m/nofp\libc_nano.a
LOAD C:/ST/STM32CubeIDE_1.14.0/STM32CubeIDE/plugins/com.st.stm32cube.ide.mcu.externaltools.gnu-tools-for-stm32.11.3.rel1.win32_1.1.100.202309141235/tools/bin/../lib/gcc/arm-none-eabi/11.3.1/../../../../arm-none-eabi/lib/thumb/v6-m/nofp\libm.a
END GROUP
START GROUP
LOAD C:/ST/STM32CubeIDE_1.14.0/STM32CubeIDE/plugins/com.st.stm32cube.ide.mcu.externaltools.gnu-tools-for-stm32.11.3.rel1.win32_1.1.100.202309141235/tools/bin/../lib/gcc/arm-none-eabi/11.3.1/thumb/v6-m/nofp\libgcc.a
LOAD C:/ST/STM32CubeIDE_1.14.0/STM32CubeIDE/plugins/com.st.stm32cube.ide.mcu.externaltools.gnu-tools-for-stm32.11.3.rel1.win32_1.1.100.202309141235/tools/bin/../lib/gcc/arm-none-eabi/11.3.1/../../../../arm-none-eabi/lib/thumb/v6-m/nofp\libc_nano.a
END GROUP
START GROUP
LOAD C:/ST/STM32CubeIDE_1.14.0/STM32CubeIDE/plugins/com.st.stm32cube.ide.mcu.externaltools.gnu-tools-for-stm32.11.3.rel1.win32_1.1.100.202309141235/tools/bin/../lib/gcc/arm-none-eabi/11.3.1/thumb/v6-m/nofp\libgcc.a
LOAD C:/ST/STM32CubeIDE_1.14.0/STM32CubeIDE/plugins/com.st.stm32cube.ide.mcu.externaltools.gnu-tools-for-stm32.11.3.rel1.win32_1.1.100.202309141235/tools/bin/../lib/gcc/arm-none-eabi/11.3.1/../../../../arm-none-eabi/lib/thumb/v6-m/nofp\libc_nano.a
LOAD C:/ST/STM32CubeIDE_1.14.0/STM32CubeIDE/plugins/com.st.stm32cube.ide.mcu.externaltools.gnu-tools-for-stm32.11.3.rel1.win32_1.1.100.202309141235/tools/bin/../lib/gcc/arm-none-eabi/11.3.1/../../../../arm-none-eabi/lib/thumb/v6-m/nofp\libnosys.a
END GROUP
START GROUP
LOAD C:/ST/STM32CubeIDE_1.14.0/STM32CubeIDE/plugins/com.st.stm32cube.ide.mcu.externaltools.gnu-tools-for-stm32.11.3.rel1.win32_1.1.100.202309141235/tools/bin/../lib/gcc/arm-none-eabi/11.3.1/thumb/v6-m/nofp\libgcc.a
LOAD C:/ST/STM32CubeIDE_1.14.0/STM32CubeIDE/plugins/com.st.stm32cube.ide.mcu.externaltools.gnu-tools-for-stm32.11.3.rel1.win32_1.1.100.202309141235/tools/bin/../lib/gcc/arm-none-eabi/11.3.1/../../../../arm-none-eabi/lib/thumb/v6-m/nofp\libc_nano.a
LOAD C:/ST/STM32CubeIDE_1.14.0/STM32CubeIDE/plugins/com.st.stm32cube.ide.mcu.externaltools.gnu-tools-for-stm32.11.3.rel1.win32_1.1.100.202309141235/tools/bin/../lib/gcc/arm-none-eabi/11.3.1/../../../../arm-none-eabi/lib/thumb/v6-m/nofp\libnosys.a
END GROUP
LOAD C:/ST/STM32CubeIDE_1.14.0/STM32CubeIDE/plugins/com.st.stm32cube.ide.mcu.externaltools.gnu-tools-for-stm32.11.3.rel1.win32_1.1.100.202309141235/tools/bin/../lib/gcc/arm-none-eabi/11.3.1/thumb/v6-m/nofp/crtend.o
LOAD C:/ST/STM32CubeIDE_1.14.0/STM32CubeIDE/plugins/com.st.stm32cube.ide.mcu.externaltools.gnu-tools-for-stm32.11.3.rel1.win32_1.1.100.202309141235/tools/bin/../lib/gcc/arm-none-eabi/11.3.1/thumb/v6-m/nofp/crtn.o
                0x0000000020001000                _estack = (ORIGIN (RAM) + LENGTH (RAM))
                0x0000000000000200                _Min_Heap_Size = 0x200
                0x0000000000000400                _Min_Stack_Size = 0x400

.isr_vector     0x0000000008000000       0xc0
                0x0000000008000000                . = ALIGN (0x4)
 *(.isr_vector)
 .isr_vector    0x0000000008000000       0xc0 ./Core/Startup/startup_stm32f030f4px.o
                0x0000000008000000                g_pfnVectors
                0x00000000080000c0                . = ALIGN (0x4)

.text           0x00000000080000c0      0xf80
                0x00000000080000c0                . = ALIGN (0x4)
 *(.text)
 .text          0x00000000080000c0       0x48 C:/ST/STM32CubeIDE_1.14.0/STM32CubeIDE/plugins/com.st.stm32cube.ide.mcu.externaltools.gnu-tools-for-stm32.11.3.rel1.win32_1.1.100.202309141235/tools/bin/../lib/gcc/arm-none-eabi/11.3.1/thumb/v6-m/nofp/crtbegin.o
 *(.text*)
 .text.__NVIC_SetPriority
                0x0000000008000108       0xdc ./Core/Src/main.o
 .text.LL_AHB1_GRP1_EnableClock
                0x00000000080001e4       0x2c ./Core/Src/main.o
 .text.LL_APB1_GRP1_EnableClock
                0x0000000008000210       0x2c ./Core/Src/main.o
 .text.LL_APB1_GRP2_EnableClock
                0x000000000800023c       0x2c ./Core/Src/main.o
 .text.LL_GPIO_ResetOutputPin
                0x0000000008000268       0x18 ./Core/Src/main.o
 .text.main     0x0000000008000280       0x94 ./Core/Src/main.o
                0x0000000008000280                main
 .text.SystemClock_Config
                0x0000000008000314       0x34 ./Core/Src/main.o
                0x0000000008000314                SystemClock_Config
 .text.MX_ADC_Init
                0x0000000008000348       0x60 ./Core/Src/main.o
 .text.MX_I2C1_Init
                0x00000000080003a8      0x140 ./Core/Src/main.o
 .text.MX_TIM14_Init
                0x00000000080004e8       0x68 ./Core/Src/main.o
 .text.MX_TIM16_Init
                0x0000000008000550       0x74 ./Core/Src/main.o
 .text.MX_USART1_UART_Init
                0x00000000080005c4       0xac ./Core/Src/main.o
 .text.MX_GPIO_Init
                0x0000000008000670      0x144 ./Core/Src/main.o
 .text.I2C_Send_Buffer
                0x00000000080007b4       0x9c ./Core/Src/main.o
                0x00000000080007b4                I2C_Send_Buffer
 .text.SetControlPins
                0x0000000008000850       0x58 ./Core/Src/main.o
                0x0000000008000850                SetControlPins
 .text.DelayWithTimer
                0x00000000080008a8       0x28 ./Core/Src/main.o
                0x00000000080008a8                DelayWithTimer
 .text.makeTurn
                0x00000000080008d0      0x108 ./Core/Src/main.o
                0x00000000080008d0                makeTurn
 .text.go       0x00000000080009d8       0x60 ./Core/Src/main.o
                0x00000000080009d8                go
 .text.read_sensors
                0x0000000008000a38       0x80 ./Core/Src/main.o
                0x0000000008000a38                read_sensors
 .text.line_process
                0x0000000008000ab8      0x208 ./Core/Src/main.o
                0x0000000008000ab8                line_process
 .text.SendSingleValue
                0x0000000008000cc0       0x56 ./Core/Src/main.o
                0x0000000008000cc0                SendSingleValue
 .text.NMI_Handler
                0x0000000008000d16        0x6 ./Core/Src/stm32f0xx_it.o
                0x0000000008000d16                NMI_Handler
 .text.HardFault_Handler
                0x0000000008000d1c        0x6 ./Core/Src/stm32f0xx_it.o
                0x0000000008000d1c                HardFault_Handler
 .text.SVC_Handler
                0x0000000008000d22        0xa ./Core/Src/stm32f0xx_it.o
                0x0000000008000d22                SVC_Handler
 .text.PendSV_Handler
                0x0000000008000d2c        0xa ./Core/Src/stm32f0xx_it.o
                0x0000000008000d2c                PendSV_Handler
 .text.SysTick_Handler
                0x0000000008000d36        0xa ./Core/Src/stm32f0xx_it.o
                0x0000000008000d36                SysTick_Handler
 .text.I2C1_IRQHandler
                0x0000000008000d40        0xa ./Core/Src/stm32f0xx_it.o
                0x0000000008000d40                I2C1_IRQHandler
 .text.SystemInit
                0x0000000008000d4a        0xa ./Core/Src/system_stm32f0xx.o
                0x0000000008000d4a                SystemInit
 .text.Reset_Handler
                0x0000000008000d54       0x50 ./Core/Startup/startup_stm32f030f4px.o
                0x0000000008000d54                Reset_Handler
 .text.Default_Handler
                0x0000000008000da4        0x2 ./Core/Startup/startup_stm32f030f4px.o
                0x0000000008000da4                TIM1_CC_IRQHandler
                0x0000000008000da4                SPI1_IRQHandler
                0x0000000008000da4                EXTI2_3_IRQHandler
                0x0000000008000da4                ADC1_IRQHandler
                0x0000000008000da4                TIM17_IRQHandler
                0x0000000008000da4                RTC_IRQHandler
                0x0000000008000da4                TIM16_IRQHandler
                0x0000000008000da4                TIM3_IRQHandler
                0x0000000008000da4                EXTI4_15_IRQHandler
                0x0000000008000da4                RCC_IRQHandler
                0x0000000008000da4                DMA1_Channel1_IRQHandler
                0x0000000008000da4                Default_Handler
                0x0000000008000da4                TIM14_IRQHandler
                0x0000000008000da4                DMA1_Channel4_5_IRQHandler
                0x0000000008000da4                EXTI0_1_IRQHandler
                0x0000000008000da4                WWDG_IRQHandler
                0x0000000008000da4                DMA1_Channel2_3_IRQHandler
                0x0000000008000da4                FLASH_IRQHandler
                0x0000000008000da4                USART1_IRQHandler
                0x0000000008000da4                TIM1_BRK_UP_TRG_COM_IRQHandler
 .text.LL_GPIO_SetPinMode
                0x0000000008000da6       0x38 ./Drivers/STM32F0xx_HAL_Driver/Src/stm32f0xx_ll_gpio.o
 .text.LL_GPIO_SetPinOutputType
                0x0000000008000dde       0x2a ./Drivers/STM32F0xx_HAL_Driver/Src/stm32f0xx_ll_gpio.o
 .text.LL_GPIO_SetPinSpeed
                0x0000000008000e08       0x38 ./Drivers/STM32F0xx_HAL_Driver/Src/stm32f0xx_ll_gpio.o
 .text.LL_GPIO_SetPinPull
                0x0000000008000e40       0x38 ./Drivers/STM32F0xx_HAL_Driver/Src/stm32f0xx_ll_gpio.o
 .text.LL_GPIO_SetAFPin_0_7
                0x0000000008000e78       0x46 ./Drivers/STM32F0xx_HAL_Driver/Src/stm32f0xx_ll_gpio.o
 .text.LL_GPIO_SetAFPin_8_15
                0x0000000008000ebe       0x5a ./Drivers/STM32F0xx_HAL_Driver/Src/stm32f0xx_ll_gpio.o
 .text.LL_GPIO_Init
                0x0000000008000f18       0xb8 ./Drivers/STM32F0xx_HAL_Driver/Src/stm32f0xx_ll_gpio.o
                0x0000000008000f18                LL_GPIO_Init
 .text.memset   0x0000000008000fd0       0x10 C:/ST/STM32CubeIDE_1.14.0/STM32CubeIDE/plugins/com.st.stm32cube.ide.mcu.externaltools.gnu-tools-for-stm32.11.3.rel1.win32_1.1.100.202309141235/tools/bin/../lib/gcc/arm-none-eabi/11.3.1/../../../../arm-none-eabi/lib/thumb/v6-m/nofp\libc_nano.a(libc_a-memset.o)
                0x0000000008000fd0                memset
 .text.__libc_init_array
                0x0000000008000fe0       0x48 C:/ST/STM32CubeIDE_1.14.0/STM32CubeIDE/plugins/com.st.stm32cube.ide.mcu.externaltools.gnu-tools-for-stm32.11.3.rel1.win32_1.1.100.202309141235/tools/bin/../lib/gcc/arm-none-eabi/11.3.1/../../../../arm-none-eabi/lib/thumb/v6-m/nofp\libc_nano.a(libc_a-init.o)
                0x0000000008000fe0                __libc_init_array
 *(.glue_7)
 .glue_7        0x0000000008001028        0x0 linker stubs
 *(.glue_7t)
 .glue_7t       0x0000000008001028        0x0 linker stubs
 *(.eh_frame)
 .eh_frame      0x0000000008001028        0x0 C:/ST/STM32CubeIDE_1.14.0/STM32CubeIDE/plugins/com.st.stm32cube.ide.mcu.externaltools.gnu-tools-for-stm32.11.3.rel1.win32_1.1.100.202309141235/tools/bin/../lib/gcc/arm-none-eabi/11.3.1/thumb/v6-m/nofp/crtbegin.o
 *(.init)
 .init          0x0000000008001028        0x4 C:/ST/STM32CubeIDE_1.14.0/STM32CubeIDE/plugins/com.st.stm32cube.ide.mcu.externaltools.gnu-tools-for-stm32.11.3.rel1.win32_1.1.100.202309141235/tools/bin/../lib/gcc/arm-none-eabi/11.3.1/thumb/v6-m/nofp/crti.o
                0x0000000008001028                _init
 .init          0x000000000800102c        0x8 C:/ST/STM32CubeIDE_1.14.0/STM32CubeIDE/plugins/com.st.stm32cube.ide.mcu.externaltools.gnu-tools-for-stm32.11.3.rel1.win32_1.1.100.202309141235/tools/bin/../lib/gcc/arm-none-eabi/11.3.1/thumb/v6-m/nofp/crtn.o
 *(.fini)
 .fini          0x0000000008001034        0x4 C:/ST/STM32CubeIDE_1.14.0/STM32CubeIDE/plugins/com.st.stm32cube.ide.mcu.externaltools.gnu-tools-for-stm32.11.3.rel1.win32_1.1.100.202309141235/tools/bin/../lib/gcc/arm-none-eabi/11.3.1/thumb/v6-m/nofp/crti.o
                0x0000000008001034                _fini
 .fini          0x0000000008001038        0x8 C:/ST/STM32CubeIDE_1.14.0/STM32CubeIDE/plugins/com.st.stm32cube.ide.mcu.externaltools.gnu-tools-for-stm32.11.3.rel1.win32_1.1.100.202309141235/tools/bin/../lib/gcc/arm-none-eabi/11.3.1/thumb/v6-m/nofp/crtn.o
                0x0000000008001040                . = ALIGN (0x4)
                0x0000000008001040                _etext = .

.vfp11_veneer   0x0000000008001040        0x0
 .vfp11_veneer  0x0000000008001040        0x0 linker stubs

.v4_bx          0x0000000008001040        0x0
 .v4_bx         0x0000000008001040        0x0 linker stubs

.iplt           0x0000000008001040        0x0
 .iplt          0x0000000008001040        0x0 C:/ST/STM32CubeIDE_1.14.0/STM32CubeIDE/plugins/com.st.stm32cube.ide.mcu.externaltools.gnu-tools-for-stm32.11.3.rel1.win32_1.1.100.202309141235/tools/bin/../lib/gcc/arm-none-eabi/11.3.1/thumb/v6-m/nofp/crtbegin.o

.rel.dyn        0x0000000008001040        0x0
 .rel.iplt      0x0000000008001040        0x0 C:/ST/STM32CubeIDE_1.14.0/STM32CubeIDE/plugins/com.st.stm32cube.ide.mcu.externaltools.gnu-tools-for-stm32.11.3.rel1.win32_1.1.100.202309141235/tools/bin/../lib/gcc/arm-none-eabi/11.3.1/thumb/v6-m/nofp/crtbegin.o

.rodata         0x0000000008001040        0x0
                0x0000000008001040                . = ALIGN (0x4)
 *(.rodata)
 *(.rodata*)
                0x0000000008001040                . = ALIGN (0x4)

.ARM.extab      0x0000000008001040        0x0
                0x0000000008001040                . = ALIGN (0x4)
 *(.ARM.extab* .gnu.linkonce.armextab.*)
                0x0000000008001040                . = ALIGN (0x4)

.ARM            0x0000000008001040        0x0
                0x0000000008001040                . = ALIGN (0x4)
                0x0000000008001040                __exidx_start = .
 *(.ARM.exidx*)
                0x0000000008001040                __exidx_end = .
                0x0000000008001040                . = ALIGN (0x4)

.preinit_array  0x0000000008001040        0x0
                0x0000000008001040                . = ALIGN (0x4)
                0x0000000008001040                PROVIDE (__preinit_array_start = .)
 *(.preinit_array*)
                0x0000000008001040                PROVIDE (__preinit_array_end = .)
                0x0000000008001040                . = ALIGN (0x4)

.init_array     0x0000000008001040        0x4
                0x0000000008001040                . = ALIGN (0x4)
                0x0000000008001040                PROVIDE (__init_array_start = .)
 *(SORT_BY_NAME(.init_array.*))
 *(.init_array*)
 .init_array    0x0000000008001040        0x4 C:/ST/STM32CubeIDE_1.14.0/STM32CubeIDE/plugins/com.st.stm32cube.ide.mcu.externaltools.gnu-tools-for-stm32.11.3.rel1.win32_1.1.100.202309141235/tools/bin/../lib/gcc/arm-none-eabi/11.3.1/thumb/v6-m/nofp/crtbegin.o
                0x0000000008001044                PROVIDE (__init_array_end = .)
                0x0000000008001044                . = ALIGN (0x4)

.fini_array     0x0000000008001044        0x4
                0x0000000008001044                . = ALIGN (0x4)
                [!provide]                        PROVIDE (__fini_array_start = .)
 *(SORT_BY_NAME(.fini_array.*))
 *(.fini_array*)
 .fini_array    0x0000000008001044        0x4 C:/ST/STM32CubeIDE_1.14.0/STM32CubeIDE/plugins/com.st.stm32cube.ide.mcu.externaltools.gnu-tools-for-stm32.11.3.rel1.win32_1.1.100.202309141235/tools/bin/../lib/gcc/arm-none-eabi/11.3.1/thumb/v6-m/nofp/crtbegin.o
                [!provide]                        PROVIDE (__fini_array_end = .)
                0x0000000008001048                . = ALIGN (0x4)
                0x0000000008001048                _sidata = LOADADDR (.data)

.data           0x0000000020000000        0x0 load address 0x0000000008001048
                0x0000000020000000                . = ALIGN (0x4)
                0x0000000020000000                _sdata = .
 *(.data)
 *(.data*)
 *(.RamFunc)
 *(.RamFunc*)
                0x0000000020000000                . = ALIGN (0x4)
                0x0000000020000000                _edata = .

.igot.plt       0x0000000020000000        0x0 load address 0x0000000008001048
 .igot.plt      0x0000000020000000        0x0 C:/ST/STM32CubeIDE_1.14.0/STM32CubeIDE/plugins/com.st.stm32cube.ide.mcu.externaltools.gnu-tools-for-stm32.11.3.rel1.win32_1.1.100.202309141235/tools/bin/../lib/gcc/arm-none-eabi/11.3.1/thumb/v6-m/nofp/crtbegin.o
                0x0000000020000000                . = ALIGN (0x4)

.bss            0x0000000020000000       0x2c load address 0x0000000008001048
                0x0000000020000000                _sbss = .
                0x0000000020000000                __bss_start__ = _sbss
 *(.bss)
 .bss           0x0000000020000000       0x1c C:/ST/STM32CubeIDE_1.14.0/STM32CubeIDE/plugins/com.st.stm32cube.ide.mcu.externaltools.gnu-tools-for-stm32.11.3.rel1.win32_1.1.100.202309141235/tools/bin/../lib/gcc/arm-none-eabi/11.3.1/thumb/v6-m/nofp/crtbegin.o
 *(.bss*)
 .bss.sensor_data
                0x000000002000001c        0x8 ./Core/Src/main.o
                0x000000002000001c                sensor_data
 .bss.last_direction
                0x0000000020000024        0x1 ./Core/Src/main.o
                0x0000000020000024                last_direction
 .bss.CROSS     0x0000000020000025        0x1 ./Core/Src/main.o
                0x0000000020000025                CROSS
 *fill*         0x0000000020000026        0x2 
 .bss.helper    0x0000000020000028        0x2 ./Core/Src/main.o
                0x0000000020000028                helper
 *(COMMON)
                0x000000002000002c                . = ALIGN (0x4)
 *fill*         0x000000002000002a        0x2 
                0x000000002000002c                _ebss = .
                0x000000002000002c                __bss_end__ = _ebss

._user_heap_stack
                0x000000002000002c      0x604 load address 0x0000000008001048
                0x0000000020000030                . = ALIGN (0x8)
 *fill*         0x000000002000002c        0x4 
                [!provide]                        PROVIDE (end = .)
                0x0000000020000030                PROVIDE (_end = .)
                0x0000000020000230                . = (. + _Min_Heap_Size)
 *fill*         0x0000000020000030      0x200 
                0x0000000020000630                . = (. + _Min_Stack_Size)
 *fill*         0x0000000020000230      0x400 
                0x0000000020000630                . = ALIGN (0x8)

/DISCARD/
 libc.a(*)
 libm.a(*)
 libgcc.a(*)

.ARM.attributes
                0x0000000000000000       0x28
 *(.ARM.attributes)
 .ARM.attributes
                0x0000000000000000       0x1e C:/ST/STM32CubeIDE_1.14.0/STM32CubeIDE/plugins/com.st.stm32cube.ide.mcu.externaltools.gnu-tools-for-stm32.11.3.rel1.win32_1.1.100.202309141235/tools/bin/../lib/gcc/arm-none-eabi/11.3.1/thumb/v6-m/nofp/crti.o
 .ARM.attributes
                0x000000000000001e       0x2c C:/ST/STM32CubeIDE_1.14.0/STM32CubeIDE/plugins/com.st.stm32cube.ide.mcu.externaltools.gnu-tools-for-stm32.11.3.rel1.win32_1.1.100.202309141235/tools/bin/../lib/gcc/arm-none-eabi/11.3.1/thumb/v6-m/nofp/crtbegin.o
 .ARM.attributes
                0x000000000000004a       0x2c ./Core/Src/main.o
 .ARM.attributes
                0x0000000000000076       0x2c ./Core/Src/stm32f0xx_it.o
 .ARM.attributes
                0x00000000000000a2       0x2c ./Core/Src/system_stm32f0xx.o
 .ARM.attributes
                0x00000000000000ce       0x21 ./Core/Startup/startup_stm32f030f4px.o
 .ARM.attributes
                0x00000000000000ef       0x2c ./Drivers/STM32F0xx_HAL_Driver/Src/stm32f0xx_ll_gpio.o
 .ARM.attributes
                0x000000000000011b       0x2c C:/ST/STM32CubeIDE_1.14.0/STM32CubeIDE/plugins/com.st.stm32cube.ide.mcu.externaltools.gnu-tools-for-stm32.11.3.rel1.win32_1.1.100.202309141235/tools/bin/../lib/gcc/arm-none-eabi/11.3.1/../../../../arm-none-eabi/lib/thumb/v6-m/nofp\libc_nano.a(libc_a-memset.o)
 .ARM.attributes
                0x0000000000000147       0x2c C:/ST/STM32CubeIDE_1.14.0/STM32CubeIDE/plugins/com.st.stm32cube.ide.mcu.externaltools.gnu-tools-for-stm32.11.3.rel1.win32_1.1.100.202309141235/tools/bin/../lib/gcc/arm-none-eabi/11.3.1/../../../../arm-none-eabi/lib/thumb/v6-m/nofp\libc_nano.a(libc_a-init.o)
 .ARM.attributes
                0x0000000000000173       0x1e C:/ST/STM32CubeIDE_1.14.0/STM32CubeIDE/plugins/com.st.stm32cube.ide.mcu.externaltools.gnu-tools-for-stm32.11.3.rel1.win32_1.1.100.202309141235/tools/bin/../lib/gcc/arm-none-eabi/11.3.1/thumb/v6-m/nofp/crtn.o
OUTPUT(_sensor_com.elf elf32-littlearm)
LOAD linker stubs
LOAD C:/ST/STM32CubeIDE_1.14.0/STM32CubeIDE/plugins/com.st.stm32cube.ide.mcu.externaltools.gnu-tools-for-stm32.11.3.rel1.win32_1.1.100.202309141235/tools/bin/../lib/gcc/arm-none-eabi/11.3.1/../../../../arm-none-eabi/lib/thumb/v6-m/nofp\libc.a
LOAD C:/ST/STM32CubeIDE_1.14.0/STM32CubeIDE/plugins/com.st.stm32cube.ide.mcu.externaltools.gnu-tools-for-stm32.11.3.rel1.win32_1.1.100.202309141235/tools/bin/../lib/gcc/arm-none-eabi/11.3.1/../../../../arm-none-eabi/lib/thumb/v6-m/nofp\libm.a
LOAD C:/ST/STM32CubeIDE_1.14.0/STM32CubeIDE/plugins/com.st.stm32cube.ide.mcu.externaltools.gnu-tools-for-stm32.11.3.rel1.win32_1.1.100.202309141235/tools/bin/../lib/gcc/arm-none-eabi/11.3.1/thumb/v6-m/nofp\libgcc.a

.comment        0x0000000000000000       0x43
 .comment       0x0000000000000000       0x43 C:/ST/STM32CubeIDE_1.14.0/STM32CubeIDE/plugins/com.st.stm32cube.ide.mcu.externaltools.gnu-tools-for-stm32.11.3.rel1.win32_1.1.100.202309141235/tools/bin/../lib/gcc/arm-none-eabi/11.3.1/thumb/v6-m/nofp/crtbegin.o
                                         0x44 (size before relaxing)
 .comment       0x0000000000000043       0x44 ./Core/Src/main.o
 .comment       0x0000000000000043       0x44 ./Core/Src/stm32f0xx_it.o
 .comment       0x0000000000000043       0x44 ./Core/Src/system_stm32f0xx.o
 .comment       0x0000000000000043       0x44 ./Drivers/STM32F0xx_HAL_Driver/Src/stm32f0xx_ll_gpio.o

.debug_info     0x0000000000000000     0x1997
 .debug_info    0x0000000000000000     0x1093 ./Core/Src/main.o
 .debug_info    0x0000000000001093      0x17e ./Core/Src/stm32f0xx_it.o
 .debug_info    0x0000000000001211      0x23b ./Core/Src/system_stm32f0xx.o
 .debug_info    0x000000000000144c       0x23 ./Core/Startup/startup_stm32f030f4px.o
 .debug_info    0x000000000000146f      0x528 ./Drivers/STM32F0xx_HAL_Driver/Src/stm32f0xx_ll_gpio.o

.debug_abbrev   0x0000000000000000      0x6ed
 .debug_abbrev  0x0000000000000000      0x39c ./Core/Src/main.o
 .debug_abbrev  0x000000000000039c       0x81 ./Core/Src/stm32f0xx_it.o
 .debug_abbrev  0x000000000000041d      0x11c ./Core/Src/system_stm32f0xx.o
 .debug_abbrev  0x0000000000000539       0x12 ./Core/Startup/startup_stm32f030f4px.o
 .debug_abbrev  0x000000000000054b      0x1a2 ./Drivers/STM32F0xx_HAL_Driver/Src/stm32f0xx_ll_gpio.o

.debug_aranges  0x0000000000000000      0x208
 .debug_aranges
                0x0000000000000000      0x100 ./Core/Src/main.o
 .debug_aranges
                0x0000000000000100       0x48 ./Core/Src/stm32f0xx_it.o
 .debug_aranges
                0x0000000000000148       0x28 ./Core/Src/system_stm32f0xx.o
 .debug_aranges
                0x0000000000000170       0x28 ./Core/Startup/startup_stm32f030f4px.o
 .debug_aranges
                0x0000000000000198       0x70 ./Drivers/STM32F0xx_HAL_Driver/Src/stm32f0xx_ll_gpio.o

.debug_rnglists
                0x0000000000000000      0x17b
 .debug_rnglists
                0x0000000000000000       0xc6 ./Core/Src/main.o
 .debug_rnglists
                0x00000000000000c6       0x31 ./Core/Src/stm32f0xx_it.o
 .debug_rnglists
                0x00000000000000f7       0x1a ./Core/Src/system_stm32f0xx.o
 .debug_rnglists
                0x0000000000000111       0x19 ./Core/Startup/startup_stm32f030f4px.o
 .debug_rnglists
                0x000000000000012a       0x51 ./Drivers/STM32F0xx_HAL_Driver/Src/stm32f0xx_ll_gpio.o

.debug_macro    0x0000000000000000     0xafb5
 .debug_macro   0x0000000000000000      0x275 ./Core/Src/main.o
 .debug_macro   0x0000000000000275      0xaba ./Core/Src/main.o
 .debug_macro   0x0000000000000d2f       0x2e ./Core/Src/main.o
 .debug_macro   0x0000000000000d5d       0x22 ./Core/Src/main.o
 .debug_macro   0x0000000000000d7f       0x22 ./Core/Src/main.o
 .debug_macro   0x0000000000000da1       0x8e ./Core/Src/main.o
 .debug_macro   0x0000000000000e2f       0x51 ./Core/Src/main.o
 .debug_macro   0x0000000000000e80      0x103 ./Core/Src/main.o
 .debug_macro   0x0000000000000f83       0x6a ./Core/Src/main.o
 .debug_macro   0x0000000000000fed      0x1df ./Core/Src/main.o
 .debug_macro   0x00000000000011cc       0x1c ./Core/Src/main.o
 .debug_macro   0x00000000000011e8       0x22 ./Core/Src/main.o
 .debug_macro   0x000000000000120a       0xaf ./Core/Src/main.o
 .debug_macro   0x00000000000012b9      0x391 ./Core/Src/main.o
 .debug_macro   0x000000000000164a     0x6e6e ./Core/Src/main.o
 .debug_macro   0x00000000000084b8       0x66 ./Core/Src/main.o
 .debug_macro   0x000000000000851e      0x5a6 ./Core/Src/main.o
 .debug_macro   0x0000000000008ac4      0x24d ./Core/Src/main.o
 .debug_macro   0x0000000000008d11      0x40c ./Core/Src/main.o
 .debug_macro   0x000000000000911d       0xab ./Core/Src/main.o
 .debug_macro   0x00000000000091c8      0x17d ./Core/Src/main.o
 .debug_macro   0x0000000000009345       0xd0 ./Core/Src/main.o
 .debug_macro   0x0000000000009415       0x16 ./Core/Src/main.o
 .debug_macro   0x000000000000942b       0x2a ./Core/Src/main.o
 .debug_macro   0x0000000000009455       0x68 ./Core/Src/main.o
 .debug_macro   0x00000000000094bd      0x215 ./Core/Src/main.o
 .debug_macro   0x00000000000096d2      0x5bd ./Core/Src/main.o
 .debug_macro   0x0000000000009c8f      0x264 ./Core/Src/main.o
 .debug_macro   0x0000000000009ef3      0x11f ./Core/Src/main.o
 .debug_macro   0x000000000000a012       0x5e ./Core/Src/main.o
 .debug_macro   0x000000000000a070       0x22 ./Core/Src/main.o
 .debug_macro   0x000000000000a092       0x61 ./Core/Src/main.o
 .debug_macro   0x000000000000a0f3       0x24 ./Core/Src/main.o
 .debug_macro   0x000000000000a117       0x43 ./Core/Src/main.o
 .debug_macro   0x000000000000a15a       0x34 ./Core/Src/main.o
 .debug_macro   0x000000000000a18e      0x174 ./Core/Src/main.o
 .debug_macro   0x000000000000a302       0x16 ./Core/Src/main.o
 .debug_macro   0x000000000000a318       0x43 ./Core/Src/main.o
 .debug_macro   0x000000000000a35b       0x34 ./Core/Src/main.o
 .debug_macro   0x000000000000a38f       0x10 ./Core/Src/main.o
 .debug_macro   0x000000000000a39f       0x58 ./Core/Src/main.o
 .debug_macro   0x000000000000a3f7       0x8e ./Core/Src/main.o
 .debug_macro   0x000000000000a485       0x1c ./Core/Src/main.o
 .debug_macro   0x000000000000a4a1      0x177 ./Core/Src/main.o
 .debug_macro   0x000000000000a618      0x369 ./Core/Src/main.o
 .debug_macro   0x000000000000a981       0x10 ./Core/Src/main.o
 .debug_macro   0x000000000000a991       0x35 ./Core/Src/main.o
 .debug_macro   0x000000000000a9c6       0x20 ./Core/Src/main.o
 .debug_macro   0x000000000000a9e6       0x1c ./Core/Src/main.o
 .debug_macro   0x000000000000aa02       0x10 ./Core/Src/main.o
 .debug_macro   0x000000000000aa12       0x1c ./Core/Src/main.o
 .debug_macro   0x000000000000aa2e       0x16 ./Core/Src/main.o
 .debug_macro   0x000000000000aa44      0x147 ./Core/Src/main.o
 .debug_macro   0x000000000000ab8b      0x157 ./Core/Src/stm32f0xx_it.o
 .debug_macro   0x000000000000ace2       0xbf ./Core/Src/system_stm32f0xx.o
 .debug_macro   0x000000000000ada1       0xfb ./Drivers/STM32F0xx_HAL_Driver/Src/stm32f0xx_ll_gpio.o
 .debug_macro   0x000000000000ae9c      0x119 ./Drivers/STM32F0xx_HAL_Driver/Src/stm32f0xx_ll_gpio.o

.debug_line     0x0000000000000000     0x24d4
 .debug_line    0x0000000000000000     0x116d ./Core/Src/main.o
 .debug_line    0x000000000000116d      0x6cc ./Core/Src/stm32f0xx_it.o
 .debug_line    0x0000000000001839      0x559 ./Core/Src/system_stm32f0xx.o
 .debug_line    0x0000000000001d92       0x7b ./Core/Startup/startup_stm32f030f4px.o
 .debug_line    0x0000000000001e0d      0x6c7 ./Drivers/STM32F0xx_HAL_Driver/Src/stm32f0xx_ll_gpio.o

.debug_str      0x0000000000000000    0x3d9e2
 .debug_str     0x0000000000000000    0x3d354 ./Core/Src/main.o
                                      0x3d619 (size before relaxing)
 .debug_str     0x000000000003d354       0x86 ./Core/Src/stm32f0xx_it.o
                                      0x3943b (size before relaxing)
 .debug_str     0x000000000003d3da       0xac ./Core/Src/system_stm32f0xx.o
                                      0x2be6b (size before relaxing)
 .debug_str     0x000000000003d486       0x34 ./Core/Startup/startup_stm32f030f4px.o
                                         0x73 (size before relaxing)
 .debug_str     0x000000000003d4ba      0x528 ./Drivers/STM32F0xx_HAL_Driver/Src/stm32f0xx_ll_gpio.o
                                      0x2ceee (size before relaxing)

.debug_frame    0x0000000000000000      0x64c
 .debug_frame   0x0000000000000000      0x38c ./Core/Src/main.o
 .debug_frame   0x000000000000038c       0xb8 ./Core/Src/stm32f0xx_it.o
 .debug_frame   0x0000000000000444       0x4c ./Core/Src/system_stm32f0xx.o
 .debug_frame   0x0000000000000490      0x170 ./Drivers/STM32F0xx_HAL_Driver/Src/stm32f0xx_ll_gpio.o
 .debug_frame   0x0000000000000600       0x20 C:/ST/STM32CubeIDE_1.14.0/STM32CubeIDE/plugins/com.st.stm32cube.ide.mcu.externaltools.gnu-tools-for-stm32.11.3.rel1.win32_1.1.100.202309141235/tools/bin/../lib/gcc/arm-none-eabi/11.3.1/../../../../arm-none-eabi/lib/thumb/v6-m/nofp\libc_nano.a(libc_a-memset.o)
 .debug_frame   0x0000000000000620       0x2c C:/ST/STM32CubeIDE_1.14.0/STM32CubeIDE/plugins/com.st.stm32cube.ide.mcu.externaltools.gnu-tools-for-stm32.11.3.rel1.win32_1.1.100.202309141235/tools/bin/../lib/gcc/arm-none-eabi/11.3.1/../../../../arm-none-eabi/lib/thumb/v6-m/nofp\libc_nano.a(libc_a-init.o)

.debug_line_str
                0x0000000000000000       0x67
 .debug_line_str
                0x0000000000000000       0x67 ./Core/Startup/startup_stm32f030f4px.o
                                         0x7f (size before relaxing)
