../Drivers/STM32F0xx_HAL_Driver/Inc/stm32f0xx_ll_bus.h:413:22:LL_APB1_GRP1_EnableClock	8	static
../Drivers/STM32F0xx_HAL_Driver/Inc/stm32f0xx_ll_bus.h:663:22:LL_APB1_GRP2_EnableClock	8	static
../Drivers/STM32F0xx_HAL_Driver/Inc/stm32f0xx_ll_bus.h:225:22:LL_AHB1_GRP1_EnableClock.constprop	8	static
../Core/Src/main.c:209:6:SystemClock_Config	8	static
../Core/Src/main.c:151:5:main	96	static,ignoring_inline_asm
../Core/Src/main.c:573:6:USART_Send_Byte	0	static
../Core/Src/main.c:590:6:I2C_Send_Buffer	16	static
../Core/Src/main.c:621:6:SetControlPins	8	static
../Core/Src/main.c:629:6:DelayWithTimer	0	static
../Core/Src/main.c:635:6:binaryToHex	48	static
../Core/Src/main.c:775:6:read_sensors	16	static
../Core/Src/main.c:1045:6:ProcessCollectedData	24	static
../Core/Src/main.c:1080:6:toBinaryString	16	static
../Core/Src/main.c:1092:6:SendSingleValue	16	static
../Core/Src/main.c:743:6:go	16	static
../Core/Src/main.c:655:6:makeTurn	8	static
../Core/Src/main.c:802:9:line_process	16	static
../Core/Src/main.c:1102:6:SetSensorRight	0	static
../Core/Src/main.c:1110:6:SetSensorLeft	0	static
../Core/Src/main.c:1135:6:Timeout	0	static
../Core/Src/main.c:1140:6:endTimeout	0	static
../Core/Src/main.c:1144:6:checkTimeout	0	static
../Core/Src/main.c:915:6:data_process	48	static
../Core/Src/main.c:1159:6:Error_Handler	0	static,ignoring_inline_asm
