../Drivers/CMSIS/Include/core_cm0.h:730:22:__NVIC_SetPriority	24	static
../Drivers/STM32F0xx_HAL_Driver/Inc/stm32f0xx_ll_bus.h:225:22:LL_AHB1_GRP1_EnableClock	24	static
../Drivers/STM32F0xx_HAL_Driver/Inc/stm32f0xx_ll_bus.h:413:22:LL_APB1_GRP1_EnableClock	24	static
../Drivers/STM32F0xx_HAL_Driver/Inc/stm32f0xx_ll_bus.h:663:22:LL_APB1_GRP2_EnableClock	24	static
../Drivers/STM32F0xx_HAL_Driver/Inc/stm32f0xx_ll_gpio.h:867:22:LL_GPIO_ResetOutputPin	16	static
../Core/Src/main.c:134:5:main	24	static
../Core/Src/main.c:282:6:SystemClock_Config	8	static
../Core/Src/main.c:297:13:MX_ADC_Init	8	static
../Core/Src/main.c:320:13:MX_I2C1_Init	8	static
../Core/Src/main.c:373:13:MX_TIM14_Init	8	static
../Core/Src/main.c:403:13:MX_TIM16_Init	8	static
../Core/Src/main.c:429:13:MX_USART1_UART_Init	8	static
../Core/Src/main.c:457:13:MX_GPIO_Init	32	static
../Core/Src/main.c:527:6:USART_Send_Byte	16	static
../Core/Src/main.c:544:6:I2C_Send_Buffer	24	static
../Core/Src/main.c:575:6:SetControlPins	16	static
../Core/Src/main.c:583:6:DelayWithTimer	16	static
../Core/Src/main.c:589:6:binaryToHex	56	static
../Core/Src/main.c:603:6:Timeout	16	static
../Core/Src/main.c:608:6:endTimeout	8	static
../Core/Src/main.c:612:6:checkTimeout	8	static
../Core/Src/main.c:620:6:go	24	static
../Core/Src/main.c:633:6:read_sensors	16	static
../Core/Src/main.c:660:9:line_process	16	static
../Core/Src/main.c:747:9:data_processor	16	static
../Core/Src/main.c:812:6:toBinaryString	24	static
../Core/Src/main.c:824:6:SendSingleValue	32	static
../Core/Src/main.c:844:6:Error_Handler	8	static,ignoring_inline_asm
