../Drivers/CMSIS/Include/core_cm0.h:730:22:__NVIC_SetPriority	24	static
../Drivers/STM32F0xx_HAL_Driver/Inc/stm32f0xx_ll_bus.h:225:22:LL_AHB1_GRP1_EnableClock	24	static
../Drivers/STM32F0xx_HAL_Driver/Inc/stm32f0xx_ll_bus.h:413:22:LL_APB1_GRP1_EnableClock	24	static
../Drivers/STM32F0xx_HAL_Driver/Inc/stm32f0xx_ll_bus.h:663:22:LL_APB1_GRP2_EnableClock	24	static
../Drivers/STM32F0xx_HAL_Driver/Inc/stm32f0xx_ll_gpio.h:867:22:LL_GPIO_ResetOutputPin	16	static
../Core/Src/main.c:135:5:main	24	static
../Core/Src/main.c:260:6:SystemClock_Config	8	static
../Core/Src/main.c:275:13:MX_ADC_Init	8	static
../Core/Src/main.c:298:13:MX_I2C1_Init	8	static
../Core/Src/main.c:351:13:MX_TIM14_Init	8	static
../Core/Src/main.c:381:13:MX_TIM16_Init	8	static
../Core/Src/main.c:407:13:MX_USART1_UART_Init	8	static
../Core/Src/main.c:435:13:MX_GPIO_Init	32	static
../Core/Src/main.c:505:6:USART_Send_Byte	16	static
../Core/Src/main.c:522:6:I2C_Send_Buffer	24	static
../Core/Src/main.c:553:6:SetControlPins	16	static
../Core/Src/main.c:561:6:DelayWithTimer	16	static
../Core/Src/main.c:567:6:binaryToHex	56	static
../Core/Src/main.c:581:6:Timeout	16	static
../Core/Src/main.c:586:6:endTimeout	8	static
../Core/Src/main.c:590:6:checkTimeout	8	static
../Core/Src/main.c:599:6:makeTurn	24	static
../Core/Src/main.c:683:6:go	24	static
../Core/Src/main.c:715:6:read_sensors	16	static
../Core/Src/main.c:742:9:line_process	16	static
../Core/Src/main.c:847:9:data_processor	16	static
../Core/Src/main.c:912:6:toBinaryString	24	static
../Core/Src/main.c:924:6:SendSingleValue	32	static
../Core/Src/main.c:944:6:Error_Handler	8	static,ignoring_inline_asm
